[2026-09-29T22:23:51+0900] progress=1.7% (1/60) status=merge/random/n=1000/repeat=1 stage_s=0.000 total_s=0.000
[2026-09-29T22:23:51+0900] progress=3.3% (2/60) status=quick_first/random/n=1000/repeat=1 stage_s=0.000 total_s=0.000
[2026-09-29T22:23:51+0900] progress=5.0% (3/60) status=heap/random/n=1000/repeat=1 stage_s=0.000 total_s=0.000
[2026-09-29T22:23:51+0900] progress=6.7% (4/60) status=merge/sorted/n=1000/repeat=1 stage_s=0.000 total_s=0.001
[2026-09-29T22:23:51+0900] progress=8.3% (5/60) status=quick_first/sorted/n=1000/repeat=1 stage_s=0.000 total_s=0.001
[2026-09-29T22:23:51+0900] progress=10.0% (6/60) status=heap/sorted/n=1000/repeat=1 stage_s=0.000 total_s=0.001
[2026-09-29T22:23:51+0900] progress=11.7% (7/60) status=merge/reversed/n=1000/repeat=1 stage_s=0.000 total_s=0.002
[2026-09-29T22:23:51+0900] progress=13.3% (8/60) status=quick_first/reversed/n=1000/repeat=1 stage_s=0.000 total_s=0.002
[2026-09-29T22:23:51+0900] progress=15.0% (9/60) status=heap/reversed/n=1000/repeat=1 stage_s=0.000 total_s=0.002
[2026-09-29T22:23:51+0900] progress=16.7% (10/60) status=merge/few_unique/n=1000/repeat=1 stage_s=0.000 total_s=0.002
[2026-09-29T22:23:51+0900] progress=18.3% (11/60) status=quick_first/few_unique/n=1000/repeat=1 stage_s=0.000 total_s=0.002
[2026-09-29T22:23:51+0900] progress=20.0% (12/60) status=heap/few_unique/n=1000/repeat=1 stage_s=0.000 total_s=0.003
[2026-09-29T22:23:51+0900] progress=21.7% (13/60) status=merge/equal/n=1000/repeat=1 stage_s=0.000 total_s=0.003
[2026-09-29T22:23:51+0900] progress=23.3% (14/60) status=quick_first/equal/n=1000/repeat=1 stage_s=0.000 total_s=0.003
[2026-09-29T22:23:51+0900] progress=25.0% (15/60) status=heap/equal/n=1000/repeat=1 stage_s=0.000 total_s=0.003
[2026-09-29T22:23:51+0900] progress=26.7% (16/60) status=merge/random/n=2000/repeat=1 stage_s=0.000 total_s=0.004
[2026-09-29T22:23:51+0900] progress=28.3% (17/60) status=quick_first/random/n=2000/repeat=1 stage_s=0.000 total_s=0.004
[2026-09-29T22:23:51+0900] progress=30.0% (18/60) status=heap/random/n=2000/repeat=1 stage_s=0.000 total_s=0.004
[2026-09-29T22:23:51+0900] progress=31.7% (19/60) status=merge/sorted/n=2000/repeat=1 stage_s=0.000 total_s=0.005
[2026-09-29T22:23:51+0900] progress=33.3% (20/60) status=quick_first/sorted/n=2000/repeat=1 stage_s=0.001 total_s=0.006
[2026-09-29T22:23:51+0900] progress=35.0% (21/60) status=heap/sorted/n=2000/repeat=1 stage_s=0.000 total_s=0.006
[2026-09-29T22:23:51+0900] progress=36.7% (22/60) status=merge/reversed/n=2000/repeat=1 stage_s=0.000 total_s=0.008
[2026-09-29T22:23:51+0900] progress=38.3% (23/60) status=quick_first/reversed/n=2000/repeat=1 stage_s=0.001 total_s=0.009
[2026-09-29T22:23:51+0900] progress=40.0% (24/60) status=heap/reversed/n=2000/repeat=1 stage_s=0.000 total_s=0.009
[2026-09-29T22:23:51+0900] progress=41.7% (25/60) status=merge/few_unique/n=2000/repeat=1 stage_s=0.000 total_s=0.010
[2026-09-29T22:23:51+0900] progress=43.3% (26/60) status=quick_first/few_unique/n=2000/repeat=1 stage_s=0.000 total_s=0.010
[2026-09-29T22:23:51+0900] progress=45.0% (27/60) status=heap/few_unique/n=2000/repeat=1 stage_s=0.000 total_s=0.010
[2026-09-29T22:23:51+0900] progress=46.7% (28/60) status=merge/equal/n=2000/repeat=1 stage_s=0.000 total_s=0.012
[2026-09-29T22:23:51+0900] progress=48.3% (29/60) status=quick_first/equal/n=2000/repeat=1 stage_s=0.001 total_s=0.013
[2026-09-29T22:23:51+0900] progress=50.0% (30/60) status=heap/equal/n=2000/repeat=1 stage_s=0.000 total_s=0.013
[2026-09-29T22:23:51+0900] progress=51.7% (31/60) status=merge/random/n=4000/repeat=1 stage_s=0.000 total_s=0.014
[2026-09-29T22:23:51+0900] progress=53.3% (32/60) status=quick_first/random/n=4000/repeat=1 stage_s=0.000 total_s=0.014
[2026-09-29T22:23:51+0900] progress=55.0% (33/60) status=heap/random/n=4000/repeat=1 stage_s=0.000 total_s=0.015
[2026-09-29T22:23:51+0900] progress=56.7% (34/60) status=merge/sorted/n=4000/repeat=1 stage_s=0.000 total_s=0.019
[2026-09-29T22:23:51+0900] progress=58.3% (35/60) status=quick_first/sorted/n=4000/repeat=1 stage_s=0.004 total_s=0.023
[2026-09-29T22:23:51+0900] progress=60.0% (36/60) status=heap/sorted/n=4000/repeat=1 stage_s=0.000 total_s=0.023
[2026-09-29T22:23:51+0900] progress=61.7% (37/60) status=merge/reversed/n=4000/repeat=1 stage_s=0.000 total_s=0.028
[2026-09-29T22:23:51+0900] progress=63.3% (38/60) status=quick_first/reversed/n=4000/repeat=1 stage_s=0.005 total_s=0.034
[2026-09-29T22:23:51+0900] progress=65.0% (39/60) status=heap/reversed/n=4000/repeat=1 stage_s=0.000 total_s=0.034
[2026-09-29T22:23:51+0900] progress=66.7% (40/60) status=merge/few_unique/n=4000/repeat=1 stage_s=0.000 total_s=0.035
[2026-09-29T22:23:51+0900] progress=68.3% (41/60) status=quick_first/few_unique/n=4000/repeat=1 stage_s=0.000 total_s=0.035
[2026-09-29T22:23:51+0900] progress=70.0% (42/60) status=heap/few_unique/n=4000/repeat=1 stage_s=0.000 total_s=0.036
[2026-09-29T22:23:51+0900] progress=71.7% (43/60) status=merge/equal/n=4000/repeat=1 stage_s=0.000 total_s=0.040
[2026-09-29T22:23:52+0900] progress=73.3% (44/60) status=quick_first/equal/n=4000/repeat=1 stage_s=0.008 total_s=0.047
[2026-09-29T22:23:52+0900] progress=75.0% (45/60) status=heap/equal/n=4000/repeat=1 stage_s=0.000 total_s=0.047
[2026-09-29T22:23:52+0900] progress=76.7% (46/60) status=merge/random/n=8000/repeat=1 stage_s=0.001 total_s=0.051
[2026-09-29T22:23:52+0900] progress=78.3% (47/60) status=quick_first/random/n=8000/repeat=1 stage_s=0.000 total_s=0.051
[2026-09-29T22:23:52+0900] progress=80.0% (48/60) status=heap/random/n=8000/repeat=1 stage_s=0.001 total_s=0.051
[2026-09-29T22:23:52+0900] progress=81.7% (49/60) status=merge/sorted/n=8000/repeat=1 stage_s=0.000 total_s=0.068
[2026-09-29T22:23:52+0900] progress=83.3% (50/60) status=quick_first/sorted/n=8000/repeat=1 stage_s=0.015 total_s=0.083
[2026-09-29T22:23:52+0900] progress=85.0% (51/60) status=heap/sorted/n=8000/repeat=1 stage_s=0.000 total_s=0.083
[2026-09-29T22:23:52+0900] progress=86.7% (52/60) status=merge/reversed/n=8000/repeat=1 stage_s=0.000 total_s=0.102
[2026-09-29T22:23:52+0900] progress=88.3% (53/60) status=quick_first/reversed/n=8000/repeat=1 stage_s=0.019 total_s=0.121
[2026-09-29T22:23:52+0900] progress=90.0% (54/60) status=heap/reversed/n=8000/repeat=1 stage_s=0.000 total_s=0.122
[2026-09-29T22:23:52+0900] progress=91.7% (55/60) status=merge/few_unique/n=8000/repeat=1 stage_s=0.000 total_s=0.125
[2026-09-29T22:23:52+0900] progress=93.3% (56/60) status=quick_first/few_unique/n=8000/repeat=1 stage_s=0.001 total_s=0.126
[2026-09-29T22:23:52+0900] progress=95.0% (57/60) status=heap/few_unique/n=8000/repeat=1 stage_s=0.001 total_s=0.126
[2026-09-29T22:23:52+0900] progress=96.7% (58/60) status=merge/equal/n=8000/repeat=1 stage_s=0.000 total_s=0.142
[2026-09-29T22:23:52+0900] progress=98.3% (59/60) status=quick_first/equal/n=8000/repeat=1 stage_s=0.015 total_s=0.157
[2026-09-29T22:23:52+0900] progress=100.0% (60/60) status=heap/equal/n=8000/repeat=1 stage_s=0.000 total_s=0.157
