[2026-09-29T22:23:52+0900] progress=0.2% (1/420) status=merge/random/n=1000/repeat=1 stage_s=0.000 total_s=0.000
[2026-09-29T22:23:52+0900] progress=0.5% (2/420) status=quick_first/random/n=1000/repeat=1 stage_s=0.000 total_s=0.000
[2026-09-29T22:23:52+0900] progress=0.7% (3/420) status=heap/random/n=1000/repeat=1 stage_s=0.000 total_s=0.000
[2026-09-29T22:23:52+0900] progress=1.0% (4/420) status=quick_first/random/n=1000/repeat=2 stage_s=0.000 total_s=0.000
[2026-09-29T22:23:52+0900] progress=1.2% (5/420) status=heap/random/n=1000/repeat=2 stage_s=0.000 total_s=0.001
[2026-09-29T22:23:52+0900] progress=1.4% (6/420) status=merge/random/n=1000/repeat=2 stage_s=0.000 total_s=0.001
[2026-09-29T22:23:52+0900] progress=1.7% (7/420) status=heap/random/n=1000/repeat=3 stage_s=0.000 total_s=0.001
[2026-09-29T22:23:52+0900] progress=1.9% (8/420) status=merge/random/n=1000/repeat=3 stage_s=0.000 total_s=0.001
[2026-09-29T22:23:52+0900] progress=2.1% (9/420) status=quick_first/random/n=1000/repeat=3 stage_s=0.000 total_s=0.001
[2026-09-29T22:23:52+0900] progress=2.4% (10/420) status=merge/random/n=1000/repeat=4 stage_s=0.000 total_s=0.001
[2026-09-29T22:23:52+0900] progress=2.6% (11/420) status=quick_first/random/n=1000/repeat=4 stage_s=0.000 total_s=0.001
[2026-09-29T22:23:52+0900] progress=2.9% (12/420) status=heap/random/n=1000/repeat=4 stage_s=0.000 total_s=0.001
[2026-09-29T22:23:52+0900] progress=3.1% (13/420) status=quick_first/random/n=1000/repeat=5 stage_s=0.000 total_s=0.001
[2026-09-29T22:23:52+0900] progress=3.3% (14/420) status=heap/random/n=1000/repeat=5 stage_s=0.000 total_s=0.001
[2026-09-29T22:23:52+0900] progress=3.6% (15/420) status=merge/random/n=1000/repeat=5 stage_s=0.000 total_s=0.001
[2026-09-29T22:23:52+0900] progress=3.8% (16/420) status=heap/random/n=1000/repeat=6 stage_s=0.000 total_s=0.001
[2026-09-29T22:23:52+0900] progress=4.0% (17/420) status=merge/random/n=1000/repeat=6 stage_s=0.000 total_s=0.001
[2026-09-29T22:23:52+0900] progress=4.3% (18/420) status=quick_first/random/n=1000/repeat=6 stage_s=0.000 total_s=0.001
[2026-09-29T22:23:52+0900] progress=4.5% (19/420) status=merge/random/n=1000/repeat=7 stage_s=0.000 total_s=0.001
[2026-09-29T22:23:52+0900] progress=4.8% (20/420) status=quick_first/random/n=1000/repeat=7 stage_s=0.000 total_s=0.001
[2026-09-29T22:23:52+0900] progress=5.0% (21/420) status=heap/random/n=1000/repeat=7 stage_s=0.000 total_s=0.001
[2026-09-29T22:23:52+0900] progress=5.2% (22/420) status=merge/sorted/n=1000/repeat=1 stage_s=0.000 total_s=0.002
[2026-09-29T22:23:52+0900] progress=5.5% (23/420) status=quick_first/sorted/n=1000/repeat=1 stage_s=0.000 total_s=0.002
[2026-09-29T22:23:52+0900] progress=5.7% (24/420) status=heap/sorted/n=1000/repeat=1 stage_s=0.000 total_s=0.002
[2026-09-29T22:23:52+0900] progress=6.0% (25/420) status=quick_first/sorted/n=1000/repeat=2 stage_s=0.001 total_s=0.003
[2026-09-29T22:23:52+0900] progress=6.2% (26/420) status=heap/sorted/n=1000/repeat=2 stage_s=0.000 total_s=0.003
[2026-09-29T22:23:52+0900] progress=6.4% (27/420) status=merge/sorted/n=1000/repeat=2 stage_s=0.000 total_s=0.003
[2026-09-29T22:23:52+0900] progress=6.7% (28/420) status=heap/sorted/n=1000/repeat=3 stage_s=0.000 total_s=0.003
[2026-09-29T22:23:52+0900] progress=6.9% (29/420) status=merge/sorted/n=1000/repeat=3 stage_s=0.000 total_s=0.003
[2026-09-29T22:23:52+0900] progress=7.1% (30/420) status=quick_first/sorted/n=1000/repeat=3 stage_s=0.000 total_s=0.003
[2026-09-29T22:23:52+0900] progress=7.4% (31/420) status=merge/sorted/n=1000/repeat=4 stage_s=0.000 total_s=0.003
[2026-09-29T22:23:52+0900] progress=7.6% (32/420) status=quick_first/sorted/n=1000/repeat=4 stage_s=0.000 total_s=0.004
[2026-09-29T22:23:52+0900] progress=7.9% (33/420) status=heap/sorted/n=1000/repeat=4 stage_s=0.000 total_s=0.004
[2026-09-29T22:23:52+0900] progress=8.1% (34/420) status=quick_first/sorted/n=1000/repeat=5 stage_s=0.000 total_s=0.004
[2026-09-29T22:23:52+0900] progress=8.3% (35/420) status=heap/sorted/n=1000/repeat=5 stage_s=0.000 total_s=0.004
[2026-09-29T22:23:52+0900] progress=8.6% (36/420) status=merge/sorted/n=1000/repeat=5 stage_s=0.000 total_s=0.004
[2026-09-29T22:23:52+0900] progress=8.8% (37/420) status=heap/sorted/n=1000/repeat=6 stage_s=0.000 total_s=0.004
[2026-09-29T22:23:52+0900] progress=9.0% (38/420) status=merge/sorted/n=1000/repeat=6 stage_s=0.000 total_s=0.004
[2026-09-29T22:23:52+0900] progress=9.3% (39/420) status=quick_first/sorted/n=1000/repeat=6 stage_s=0.000 total_s=0.005
[2026-09-29T22:23:52+0900] progress=9.5% (40/420) status=merge/sorted/n=1000/repeat=7 stage_s=0.000 total_s=0.005
[2026-09-29T22:23:52+0900] progress=9.8% (41/420) status=quick_first/sorted/n=1000/repeat=7 stage_s=0.000 total_s=0.005
[2026-09-29T22:23:52+0900] progress=10.0% (42/420) status=heap/sorted/n=1000/repeat=7 stage_s=0.000 total_s=0.005
[2026-09-29T22:23:52+0900] progress=10.2% (43/420) status=merge/reversed/n=1000/repeat=1 stage_s=0.000 total_s=0.006
[2026-09-29T22:23:52+0900] progress=10.5% (44/420) status=quick_first/reversed/n=1000/repeat=1 stage_s=0.001 total_s=0.006
[2026-09-29T22:23:52+0900] progress=10.7% (45/420) status=heap/reversed/n=1000/repeat=1 stage_s=0.000 total_s=0.006
[2026-09-29T22:23:52+0900] progress=11.0% (46/420) status=quick_first/reversed/n=1000/repeat=2 stage_s=0.000 total_s=0.007
[2026-09-29T22:23:52+0900] progress=11.2% (47/420) status=heap/reversed/n=1000/repeat=2 stage_s=0.000 total_s=0.007
[2026-09-29T22:23:52+0900] progress=11.4% (48/420) status=merge/reversed/n=1000/repeat=2 stage_s=0.000 total_s=0.007
[2026-09-29T22:23:52+0900] progress=11.7% (49/420) status=heap/reversed/n=1000/repeat=3 stage_s=0.000 total_s=0.007
[2026-09-29T22:23:52+0900] progress=11.9% (50/420) status=merge/reversed/n=1000/repeat=3 stage_s=0.000 total_s=0.007
[2026-09-29T22:23:52+0900] progress=12.1% (51/420) status=quick_first/reversed/n=1000/repeat=3 stage_s=0.000 total_s=0.007
[2026-09-29T22:23:52+0900] progress=12.4% (52/420) status=merge/reversed/n=1000/repeat=4 stage_s=0.000 total_s=0.007
[2026-09-29T22:23:52+0900] progress=12.6% (53/420) status=quick_first/reversed/n=1000/repeat=4 stage_s=0.000 total_s=0.008
[2026-09-29T22:23:52+0900] progress=12.9% (54/420) status=heap/reversed/n=1000/repeat=4 stage_s=0.000 total_s=0.008
[2026-09-29T22:23:52+0900] progress=13.1% (55/420) status=quick_first/reversed/n=1000/repeat=5 stage_s=0.000 total_s=0.008
[2026-09-29T22:23:52+0900] progress=13.3% (56/420) status=heap/reversed/n=1000/repeat=5 stage_s=0.000 total_s=0.008
[2026-09-29T22:23:52+0900] progress=13.6% (57/420) status=merge/reversed/n=1000/repeat=5 stage_s=0.000 total_s=0.008
[2026-09-29T22:23:52+0900] progress=13.8% (58/420) status=heap/reversed/n=1000/repeat=6 stage_s=0.000 total_s=0.008
[2026-09-29T22:23:52+0900] progress=14.0% (59/420) status=merge/reversed/n=1000/repeat=6 stage_s=0.000 total_s=0.008
[2026-09-29T22:23:52+0900] progress=14.3% (60/420) status=quick_first/reversed/n=1000/repeat=6 stage_s=0.000 total_s=0.009
[2026-09-29T22:23:52+0900] progress=14.5% (61/420) status=merge/reversed/n=1000/repeat=7 stage_s=0.000 total_s=0.009
[2026-09-29T22:23:52+0900] progress=14.8% (62/420) status=quick_first/reversed/n=1000/repeat=7 stage_s=0.000 total_s=0.009
[2026-09-29T22:23:52+0900] progress=15.0% (63/420) status=heap/reversed/n=1000/repeat=7 stage_s=0.000 total_s=0.009
[2026-09-29T22:23:52+0900] progress=15.2% (64/420) status=merge/few_unique/n=1000/repeat=1 stage_s=0.000 total_s=0.010
[2026-09-29T22:23:52+0900] progress=15.5% (65/420) status=quick_first/few_unique/n=1000/repeat=1 stage_s=0.000 total_s=0.010
[2026-09-29T22:23:52+0900] progress=15.7% (66/420) status=heap/few_unique/n=1000/repeat=1 stage_s=0.000 total_s=0.010
[2026-09-29T22:23:52+0900] progress=16.0% (67/420) status=quick_first/few_unique/n=1000/repeat=2 stage_s=0.000 total_s=0.010
[2026-09-29T22:23:52+0900] progress=16.2% (68/420) status=heap/few_unique/n=1000/repeat=2 stage_s=0.000 total_s=0.010
[2026-09-29T22:23:52+0900] progress=16.4% (69/420) status=merge/few_unique/n=1000/repeat=2 stage_s=0.000 total_s=0.010
[2026-09-29T22:23:52+0900] progress=16.7% (70/420) status=heap/few_unique/n=1000/repeat=3 stage_s=0.000 total_s=0.010
[2026-09-29T22:23:52+0900] progress=16.9% (71/420) status=merge/few_unique/n=1000/repeat=3 stage_s=0.000 total_s=0.010
[2026-09-29T22:23:52+0900] progress=17.1% (72/420) status=quick_first/few_unique/n=1000/repeat=3 stage_s=0.000 total_s=0.010
[2026-09-29T22:23:52+0900] progress=17.4% (73/420) status=merge/few_unique/n=1000/repeat=4 stage_s=0.000 total_s=0.010
[2026-09-29T22:23:52+0900] progress=17.6% (74/420) status=quick_first/few_unique/n=1000/repeat=4 stage_s=0.000 total_s=0.010
[2026-09-29T22:23:52+0900] progress=17.9% (75/420) status=heap/few_unique/n=1000/repeat=4 stage_s=0.000 total_s=0.010
[2026-09-29T22:23:52+0900] progress=18.1% (76/420) status=quick_first/few_unique/n=1000/repeat=5 stage_s=0.000 total_s=0.010
[2026-09-29T22:23:52+0900] progress=18.3% (77/420) status=heap/few_unique/n=1000/repeat=5 stage_s=0.000 total_s=0.010
[2026-09-29T22:23:52+0900] progress=18.6% (78/420) status=merge/few_unique/n=1000/repeat=5 stage_s=0.000 total_s=0.010
[2026-09-29T22:23:52+0900] progress=18.8% (79/420) status=heap/few_unique/n=1000/repeat=6 stage_s=0.000 total_s=0.010
[2026-09-29T22:23:52+0900] progress=19.0% (80/420) status=merge/few_unique/n=1000/repeat=6 stage_s=0.000 total_s=0.010
[2026-09-29T22:23:52+0900] progress=19.3% (81/420) status=quick_first/few_unique/n=1000/repeat=6 stage_s=0.000 total_s=0.010
[2026-09-29T22:23:52+0900] progress=19.5% (82/420) status=merge/few_unique/n=1000/repeat=7 stage_s=0.000 total_s=0.010
[2026-09-29T22:23:52+0900] progress=19.8% (83/420) status=quick_first/few_unique/n=1000/repeat=7 stage_s=0.000 total_s=0.010
[2026-09-29T22:23:52+0900] progress=20.0% (84/420) status=heap/few_unique/n=1000/repeat=7 stage_s=0.000 total_s=0.010
[2026-09-29T22:23:52+0900] progress=20.2% (85/420) status=merge/equal/n=1000/repeat=1 stage_s=0.000 total_s=0.011
[2026-09-29T22:23:52+0900] progress=20.5% (86/420) status=quick_first/equal/n=1000/repeat=1 stage_s=0.000 total_s=0.011
[2026-09-29T22:23:52+0900] progress=20.7% (87/420) status=heap/equal/n=1000/repeat=1 stage_s=0.000 total_s=0.011
[2026-09-29T22:23:52+0900] progress=21.0% (88/420) status=quick_first/equal/n=1000/repeat=2 stage_s=0.001 total_s=0.012
[2026-09-29T22:23:52+0900] progress=21.2% (89/420) status=heap/equal/n=1000/repeat=2 stage_s=0.000 total_s=0.012
[2026-09-29T22:23:52+0900] progress=21.4% (90/420) status=merge/equal/n=1000/repeat=2 stage_s=0.000 total_s=0.012
[2026-09-29T22:23:52+0900] progress=21.7% (91/420) status=heap/equal/n=1000/repeat=3 stage_s=0.000 total_s=0.012
[2026-09-29T22:23:52+0900] progress=21.9% (92/420) status=merge/equal/n=1000/repeat=3 stage_s=0.000 total_s=0.012
[2026-09-29T22:23:52+0900] progress=22.1% (93/420) status=quick_first/equal/n=1000/repeat=3 stage_s=0.000 total_s=0.012
[2026-09-29T22:23:52+0900] progress=22.4% (94/420) status=merge/equal/n=1000/repeat=4 stage_s=0.000 total_s=0.012
[2026-09-29T22:23:52+0900] progress=22.6% (95/420) status=quick_first/equal/n=1000/repeat=4 stage_s=0.000 total_s=0.013
[2026-09-29T22:23:52+0900] progress=22.9% (96/420) status=heap/equal/n=1000/repeat=4 stage_s=0.000 total_s=0.013
[2026-09-29T22:23:52+0900] progress=23.1% (97/420) status=quick_first/equal/n=1000/repeat=5 stage_s=0.000 total_s=0.013
[2026-09-29T22:23:52+0900] progress=23.3% (98/420) status=heap/equal/n=1000/repeat=5 stage_s=0.000 total_s=0.013
[2026-09-29T22:23:52+0900] progress=23.6% (99/420) status=merge/equal/n=1000/repeat=5 stage_s=0.000 total_s=0.013
[2026-09-29T22:23:52+0900] progress=23.8% (100/420) status=heap/equal/n=1000/repeat=6 stage_s=0.000 total_s=0.013
[2026-09-29T22:23:52+0900] progress=24.0% (101/420) status=merge/equal/n=1000/repeat=6 stage_s=0.000 total_s=0.013
[2026-09-29T22:23:52+0900] progress=24.3% (102/420) status=quick_first/equal/n=1000/repeat=6 stage_s=0.000 total_s=0.014
[2026-09-29T22:23:52+0900] progress=24.5% (103/420) status=merge/equal/n=1000/repeat=7 stage_s=0.000 total_s=0.014
[2026-09-29T22:23:52+0900] progress=24.8% (104/420) status=quick_first/equal/n=1000/repeat=7 stage_s=0.000 total_s=0.014
[2026-09-29T22:23:52+0900] progress=25.0% (105/420) status=heap/equal/n=1000/repeat=7 stage_s=0.000 total_s=0.014
[2026-09-29T22:23:52+0900] progress=25.2% (106/420) status=merge/random/n=2000/repeat=1 stage_s=0.000 total_s=0.015
[2026-09-29T22:23:52+0900] progress=25.5% (107/420) status=quick_first/random/n=2000/repeat=1 stage_s=0.000 total_s=0.015
[2026-09-29T22:23:52+0900] progress=25.7% (108/420) status=heap/random/n=2000/repeat=1 stage_s=0.000 total_s=0.015
[2026-09-29T22:23:52+0900] progress=26.0% (109/420) status=quick_first/random/n=2000/repeat=2 stage_s=0.000 total_s=0.015
[2026-09-29T22:23:52+0900] progress=26.2% (110/420) status=heap/random/n=2000/repeat=2 stage_s=0.000 total_s=0.015
[2026-09-29T22:23:52+0900] progress=26.4% (111/420) status=merge/random/n=2000/repeat=2 stage_s=0.000 total_s=0.015
[2026-09-29T22:23:52+0900] progress=26.7% (112/420) status=heap/random/n=2000/repeat=3 stage_s=0.000 total_s=0.015
[2026-09-29T22:23:52+0900] progress=26.9% (113/420) status=merge/random/n=2000/repeat=3 stage_s=0.000 total_s=0.015
[2026-09-29T22:23:52+0900] progress=27.1% (114/420) status=quick_first/random/n=2000/repeat=3 stage_s=0.000 total_s=0.015
[2026-09-29T22:23:52+0900] progress=27.4% (115/420) status=merge/random/n=2000/repeat=4 stage_s=0.000 total_s=0.016
[2026-09-29T22:23:52+0900] progress=27.6% (116/420) status=quick_first/random/n=2000/repeat=4 stage_s=0.000 total_s=0.016
[2026-09-29T22:23:52+0900] progress=27.9% (117/420) status=heap/random/n=2000/repeat=4 stage_s=0.000 total_s=0.016
[2026-09-29T22:23:52+0900] progress=28.1% (118/420) status=quick_first/random/n=2000/repeat=5 stage_s=0.000 total_s=0.016
[2026-09-29T22:23:52+0900] progress=28.3% (119/420) status=heap/random/n=2000/repeat=5 stage_s=0.000 total_s=0.016
[2026-09-29T22:23:52+0900] progress=28.6% (120/420) status=merge/random/n=2000/repeat=5 stage_s=0.000 total_s=0.016
[2026-09-29T22:23:52+0900] progress=28.8% (121/420) status=heap/random/n=2000/repeat=6 stage_s=0.000 total_s=0.016
[2026-09-29T22:23:52+0900] progress=29.0% (122/420) status=merge/random/n=2000/repeat=6 stage_s=0.000 total_s=0.016
[2026-09-29T22:23:52+0900] progress=29.3% (123/420) status=quick_first/random/n=2000/repeat=6 stage_s=0.000 total_s=0.016
[2026-09-29T22:23:52+0900] progress=29.5% (124/420) status=merge/random/n=2000/repeat=7 stage_s=0.000 total_s=0.016
[2026-09-29T22:23:52+0900] progress=29.8% (125/420) status=quick_first/random/n=2000/repeat=7 stage_s=0.000 total_s=0.016
[2026-09-29T22:23:52+0900] progress=30.0% (126/420) status=heap/random/n=2000/repeat=7 stage_s=0.000 total_s=0.017
[2026-09-29T22:23:52+0900] progress=30.2% (127/420) status=merge/sorted/n=2000/repeat=1 stage_s=0.000 total_s=0.018
[2026-09-29T22:23:52+0900] progress=30.5% (128/420) status=quick_first/sorted/n=2000/repeat=1 stage_s=0.002 total_s=0.020
[2026-09-29T22:23:52+0900] progress=30.7% (129/420) status=heap/sorted/n=2000/repeat=1 stage_s=0.000 total_s=0.020
[2026-09-29T22:23:52+0900] progress=31.0% (130/420) status=quick_first/sorted/n=2000/repeat=2 stage_s=0.002 total_s=0.022
[2026-09-29T22:23:52+0900] progress=31.2% (131/420) status=heap/sorted/n=2000/repeat=2 stage_s=0.000 total_s=0.022
[2026-09-29T22:23:52+0900] progress=31.4% (132/420) status=merge/sorted/n=2000/repeat=2 stage_s=0.000 total_s=0.022
[2026-09-29T22:23:52+0900] progress=31.7% (133/420) status=heap/sorted/n=2000/repeat=3 stage_s=0.000 total_s=0.022
[2026-09-29T22:23:52+0900] progress=31.9% (134/420) status=merge/sorted/n=2000/repeat=3 stage_s=0.000 total_s=0.022
[2026-09-29T22:23:52+0900] progress=32.1% (135/420) status=quick_first/sorted/n=2000/repeat=3 stage_s=0.002 total_s=0.024
[2026-09-29T22:23:52+0900] progress=32.4% (136/420) status=merge/sorted/n=2000/repeat=4 stage_s=0.000 total_s=0.024
[2026-09-29T22:23:52+0900] progress=32.6% (137/420) status=quick_first/sorted/n=2000/repeat=4 stage_s=0.002 total_s=0.026
[2026-09-29T22:23:52+0900] progress=32.9% (138/420) status=heap/sorted/n=2000/repeat=4 stage_s=0.000 total_s=0.026
[2026-09-29T22:23:52+0900] progress=33.1% (139/420) status=quick_first/sorted/n=2000/repeat=5 stage_s=0.002 total_s=0.028
[2026-09-29T22:23:52+0900] progress=33.3% (140/420) status=heap/sorted/n=2000/repeat=5 stage_s=0.000 total_s=0.028
[2026-09-29T22:23:52+0900] progress=33.6% (141/420) status=merge/sorted/n=2000/repeat=5 stage_s=0.000 total_s=0.028
[2026-09-29T22:23:52+0900] progress=33.8% (142/420) status=heap/sorted/n=2000/repeat=6 stage_s=0.000 total_s=0.028
[2026-09-29T22:23:52+0900] progress=34.0% (143/420) status=merge/sorted/n=2000/repeat=6 stage_s=0.000 total_s=0.028
[2026-09-29T22:23:52+0900] progress=34.3% (144/420) status=quick_first/sorted/n=2000/repeat=6 stage_s=0.002 total_s=0.030
[2026-09-29T22:23:52+0900] progress=34.5% (145/420) status=merge/sorted/n=2000/repeat=7 stage_s=0.000 total_s=0.030
[2026-09-29T22:23:52+0900] progress=34.8% (146/420) status=quick_first/sorted/n=2000/repeat=7 stage_s=0.002 total_s=0.032
[2026-09-29T22:23:52+0900] progress=35.0% (147/420) status=heap/sorted/n=2000/repeat=7 stage_s=0.000 total_s=0.032
[2026-09-29T22:23:52+0900] progress=35.2% (148/420) status=merge/reversed/n=2000/repeat=1 stage_s=0.000 total_s=0.034
[2026-09-29T22:23:52+0900] progress=35.5% (149/420) status=quick_first/reversed/n=2000/repeat=1 stage_s=0.002 total_s=0.036
[2026-09-29T22:23:52+0900] progress=35.7% (150/420) status=heap/reversed/n=2000/repeat=1 stage_s=0.000 total_s=0.036
[2026-09-29T22:23:52+0900] progress=36.0% (151/420) status=quick_first/reversed/n=2000/repeat=2 stage_s=0.002 total_s=0.038
[2026-09-29T22:23:52+0900] progress=36.2% (152/420) status=heap/reversed/n=2000/repeat=2 stage_s=0.000 total_s=0.038
[2026-09-29T22:23:52+0900] progress=36.4% (153/420) status=merge/reversed/n=2000/repeat=2 stage_s=0.000 total_s=0.038
[2026-09-29T22:23:52+0900] progress=36.7% (154/420) status=heap/reversed/n=2000/repeat=3 stage_s=0.000 total_s=0.038
[2026-09-29T22:23:52+0900] progress=36.9% (155/420) status=merge/reversed/n=2000/repeat=3 stage_s=0.000 total_s=0.038
[2026-09-29T22:23:52+0900] progress=37.1% (156/420) status=quick_first/reversed/n=2000/repeat=3 stage_s=0.002 total_s=0.040
[2026-09-29T22:23:52+0900] progress=37.4% (157/420) status=merge/reversed/n=2000/repeat=4 stage_s=0.000 total_s=0.040
[2026-09-29T22:23:52+0900] progress=37.6% (158/420) status=quick_first/reversed/n=2000/repeat=4 stage_s=0.002 total_s=0.042
[2026-09-29T22:23:52+0900] progress=37.9% (159/420) status=heap/reversed/n=2000/repeat=4 stage_s=0.000 total_s=0.042
[2026-09-29T22:23:52+0900] progress=38.1% (160/420) status=quick_first/reversed/n=2000/repeat=5 stage_s=0.002 total_s=0.044
[2026-09-29T22:23:52+0900] progress=38.3% (161/420) status=heap/reversed/n=2000/repeat=5 stage_s=0.000 total_s=0.044
[2026-09-29T22:23:52+0900] progress=38.6% (162/420) status=merge/reversed/n=2000/repeat=5 stage_s=0.000 total_s=0.044
[2026-09-29T22:23:52+0900] progress=38.8% (163/420) status=heap/reversed/n=2000/repeat=6 stage_s=0.000 total_s=0.044
[2026-09-29T22:23:52+0900] progress=39.0% (164/420) status=merge/reversed/n=2000/repeat=6 stage_s=0.000 total_s=0.044
[2026-09-29T22:23:52+0900] progress=39.3% (165/420) status=quick_first/reversed/n=2000/repeat=6 stage_s=0.002 total_s=0.045
[2026-09-29T22:23:52+0900] progress=39.5% (166/420) status=merge/reversed/n=2000/repeat=7 stage_s=0.000 total_s=0.046
[2026-09-29T22:23:52+0900] progress=39.8% (167/420) status=quick_first/reversed/n=2000/repeat=7 stage_s=0.002 total_s=0.048
[2026-09-29T22:23:52+0900] progress=40.0% (168/420) status=heap/reversed/n=2000/repeat=7 stage_s=0.000 total_s=0.048
[2026-09-29T22:23:52+0900] progress=40.2% (169/420) status=merge/few_unique/n=2000/repeat=1 stage_s=0.000 total_s=0.048
[2026-09-29T22:23:52+0900] progress=40.5% (170/420) status=quick_first/few_unique/n=2000/repeat=1 stage_s=0.000 total_s=0.048
[2026-09-29T22:23:52+0900] progress=40.7% (171/420) status=heap/few_unique/n=2000/repeat=1 stage_s=0.000 total_s=0.048
[2026-09-29T22:23:52+0900] progress=41.0% (172/420) status=quick_first/few_unique/n=2000/repeat=2 stage_s=0.000 total_s=0.049
[2026-09-29T22:23:52+0900] progress=41.2% (173/420) status=heap/few_unique/n=2000/repeat=2 stage_s=0.000 total_s=0.049
[2026-09-29T22:23:52+0900] progress=41.4% (174/420) status=merge/few_unique/n=2000/repeat=2 stage_s=0.000 total_s=0.049
[2026-09-29T22:23:52+0900] progress=41.7% (175/420) status=heap/few_unique/n=2000/repeat=3 stage_s=0.000 total_s=0.049
[2026-09-29T22:23:52+0900] progress=41.9% (176/420) status=merge/few_unique/n=2000/repeat=3 stage_s=0.000 total_s=0.049
[2026-09-29T22:23:52+0900] progress=42.1% (177/420) status=quick_first/few_unique/n=2000/repeat=3 stage_s=0.000 total_s=0.049
[2026-09-29T22:23:52+0900] progress=42.4% (178/420) status=merge/few_unique/n=2000/repeat=4 stage_s=0.000 total_s=0.049
[2026-09-29T22:23:52+0900] progress=42.6% (179/420) status=quick_first/few_unique/n=2000/repeat=4 stage_s=0.000 total_s=0.049
[2026-09-29T22:23:52+0900] progress=42.9% (180/420) status=heap/few_unique/n=2000/repeat=4 stage_s=0.000 total_s=0.049
[2026-09-29T22:23:52+0900] progress=43.1% (181/420) status=quick_first/few_unique/n=2000/repeat=5 stage_s=0.000 total_s=0.050
[2026-09-29T22:23:52+0900] progress=43.3% (182/420) status=heap/few_unique/n=2000/repeat=5 stage_s=0.000 total_s=0.050
[2026-09-29T22:23:52+0900] progress=43.6% (183/420) status=merge/few_unique/n=2000/repeat=5 stage_s=0.000 total_s=0.050
[2026-09-29T22:23:52+0900] progress=43.8% (184/420) status=heap/few_unique/n=2000/repeat=6 stage_s=0.000 total_s=0.050
[2026-09-29T22:23:52+0900] progress=44.0% (185/420) status=merge/few_unique/n=2000/repeat=6 stage_s=0.000 total_s=0.050
[2026-09-29T22:23:52+0900] progress=44.3% (186/420) status=quick_first/few_unique/n=2000/repeat=6 stage_s=0.000 total_s=0.050
[2026-09-29T22:23:52+0900] progress=44.5% (187/420) status=merge/few_unique/n=2000/repeat=7 stage_s=0.000 total_s=0.050
[2026-09-29T22:23:52+0900] progress=44.8% (188/420) status=quick_first/few_unique/n=2000/repeat=7 stage_s=0.000 total_s=0.050
[2026-09-29T22:23:52+0900] progress=45.0% (189/420) status=heap/few_unique/n=2000/repeat=7 stage_s=0.000 total_s=0.050
[2026-09-29T22:23:52+0900] progress=45.2% (190/420) status=merge/equal/n=2000/repeat=1 stage_s=0.000 total_s=0.052
[2026-09-29T22:23:52+0900] progress=45.5% (191/420) status=quick_first/equal/n=2000/repeat=1 stage_s=0.002 total_s=0.054
[2026-09-29T22:23:52+0900] progress=45.7% (192/420) status=heap/equal/n=2000/repeat=1 stage_s=0.000 total_s=0.054
[2026-09-29T22:23:52+0900] progress=46.0% (193/420) status=quick_first/equal/n=2000/repeat=2 stage_s=0.002 total_s=0.056
[2026-09-29T22:23:52+0900] progress=46.2% (194/420) status=heap/equal/n=2000/repeat=2 stage_s=0.000 total_s=0.056
[2026-09-29T22:23:52+0900] progress=46.4% (195/420) status=merge/equal/n=2000/repeat=2 stage_s=0.000 total_s=0.056
[2026-09-29T22:23:52+0900] progress=46.7% (196/420) status=heap/equal/n=2000/repeat=3 stage_s=0.000 total_s=0.056
[2026-09-29T22:23:52+0900] progress=46.9% (197/420) status=merge/equal/n=2000/repeat=3 stage_s=0.000 total_s=0.056
[2026-09-29T22:23:52+0900] progress=47.1% (198/420) status=quick_first/equal/n=2000/repeat=3 stage_s=0.002 total_s=0.058
[2026-09-29T22:23:52+0900] progress=47.4% (199/420) status=merge/equal/n=2000/repeat=4 stage_s=0.000 total_s=0.058
[2026-09-29T22:23:52+0900] progress=47.6% (200/420) status=quick_first/equal/n=2000/repeat=4 stage_s=0.003 total_s=0.060
[2026-09-29T22:23:52+0900] progress=47.9% (201/420) status=heap/equal/n=2000/repeat=4 stage_s=0.000 total_s=0.060
[2026-09-29T22:23:52+0900] progress=48.1% (202/420) status=quick_first/equal/n=2000/repeat=5 stage_s=0.002 total_s=0.062
[2026-09-29T22:23:52+0900] progress=48.3% (203/420) status=heap/equal/n=2000/repeat=5 stage_s=0.000 total_s=0.062
[2026-09-29T22:23:52+0900] progress=48.6% (204/420) status=merge/equal/n=2000/repeat=5 stage_s=0.000 total_s=0.062
[2026-09-29T22:23:52+0900] progress=48.8% (205/420) status=heap/equal/n=2000/repeat=6 stage_s=0.000 total_s=0.062
[2026-09-29T22:23:52+0900] progress=49.0% (206/420) status=merge/equal/n=2000/repeat=6 stage_s=0.000 total_s=0.062
[2026-09-29T22:23:52+0900] progress=49.3% (207/420) status=quick_first/equal/n=2000/repeat=6 stage_s=0.002 total_s=0.064
[2026-09-29T22:23:52+0900] progress=49.5% (208/420) status=merge/equal/n=2000/repeat=7 stage_s=0.000 total_s=0.064
[2026-09-29T22:23:52+0900] progress=49.8% (209/420) status=quick_first/equal/n=2000/repeat=7 stage_s=0.002 total_s=0.066
[2026-09-29T22:23:52+0900] progress=50.0% (210/420) status=heap/equal/n=2000/repeat=7 stage_s=0.000 total_s=0.066
[2026-09-29T22:23:52+0900] progress=50.2% (211/420) status=merge/random/n=4000/repeat=1 stage_s=0.000 total_s=0.067
[2026-09-29T22:23:52+0900] progress=50.5% (212/420) status=quick_first/random/n=4000/repeat=1 stage_s=0.000 total_s=0.067
[2026-09-29T22:23:52+0900] progress=50.7% (213/420) status=heap/random/n=4000/repeat=1 stage_s=0.000 total_s=0.068
[2026-09-29T22:23:52+0900] progress=51.0% (214/420) status=quick_first/random/n=4000/repeat=2 stage_s=0.000 total_s=0.068
[2026-09-29T22:23:52+0900] progress=51.2% (215/420) status=heap/random/n=4000/repeat=2 stage_s=0.000 total_s=0.068
[2026-09-29T22:23:52+0900] progress=51.4% (216/420) status=merge/random/n=4000/repeat=2 stage_s=0.000 total_s=0.068
[2026-09-29T22:23:52+0900] progress=51.7% (217/420) status=heap/random/n=4000/repeat=3 stage_s=0.000 total_s=0.068
[2026-09-29T22:23:52+0900] progress=51.9% (218/420) status=merge/random/n=4000/repeat=3 stage_s=0.000 total_s=0.069
[2026-09-29T22:23:52+0900] progress=52.1% (219/420) status=quick_first/random/n=4000/repeat=3 stage_s=0.000 total_s=0.069
[2026-09-29T22:23:52+0900] progress=52.4% (220/420) status=merge/random/n=4000/repeat=4 stage_s=0.000 total_s=0.069
[2026-09-29T22:23:52+0900] progress=52.6% (221/420) status=quick_first/random/n=4000/repeat=4 stage_s=0.000 total_s=0.069
[2026-09-29T22:23:52+0900] progress=52.9% (222/420) status=heap/random/n=4000/repeat=4 stage_s=0.000 total_s=0.069
[2026-09-29T22:23:52+0900] progress=53.1% (223/420) status=quick_first/random/n=4000/repeat=5 stage_s=0.000 total_s=0.070
[2026-09-29T22:23:52+0900] progress=53.3% (224/420) status=heap/random/n=4000/repeat=5 stage_s=0.000 total_s=0.070
[2026-09-29T22:23:52+0900] progress=53.6% (225/420) status=merge/random/n=4000/repeat=5 stage_s=0.000 total_s=0.070
[2026-09-29T22:23:52+0900] progress=53.8% (226/420) status=heap/random/n=4000/repeat=6 stage_s=0.000 total_s=0.070
[2026-09-29T22:23:52+0900] progress=54.0% (227/420) status=merge/random/n=4000/repeat=6 stage_s=0.000 total_s=0.070
[2026-09-29T22:23:52+0900] progress=54.3% (228/420) status=quick_first/random/n=4000/repeat=6 stage_s=0.000 total_s=0.071
[2026-09-29T22:23:52+0900] progress=54.5% (229/420) status=merge/random/n=4000/repeat=7 stage_s=0.000 total_s=0.071
[2026-09-29T22:23:52+0900] progress=54.8% (230/420) status=quick_first/random/n=4000/repeat=7 stage_s=0.000 total_s=0.071
[2026-09-29T22:23:52+0900] progress=55.0% (231/420) status=heap/random/n=4000/repeat=7 stage_s=0.000 total_s=0.071
[2026-09-29T22:23:52+0900] progress=55.2% (232/420) status=merge/sorted/n=4000/repeat=1 stage_s=0.000 total_s=0.079
[2026-09-29T22:23:52+0900] progress=55.5% (233/420) status=quick_first/sorted/n=4000/repeat=1 stage_s=0.007 total_s=0.086
[2026-09-29T22:23:52+0900] progress=55.7% (234/420) status=heap/sorted/n=4000/repeat=1 stage_s=0.000 total_s=0.086
[2026-09-29T22:23:52+0900] progress=56.0% (235/420) status=quick_first/sorted/n=4000/repeat=2 stage_s=0.014 total_s=0.100
[2026-09-29T22:23:52+0900] progress=56.2% (236/420) status=heap/sorted/n=4000/repeat=2 stage_s=0.003 total_s=0.103
[2026-09-29T22:23:52+0900] progress=56.4% (237/420) status=merge/sorted/n=4000/repeat=2 stage_s=0.000 total_s=0.103
[2026-09-29T22:23:52+0900] progress=56.7% (238/420) status=heap/sorted/n=4000/repeat=3 stage_s=0.000 total_s=0.104
[2026-09-29T22:23:52+0900] progress=56.9% (239/420) status=merge/sorted/n=4000/repeat=3 stage_s=0.000 total_s=0.104
[2026-09-29T22:23:52+0900] progress=57.1% (240/420) status=quick_first/sorted/n=4000/repeat=3 stage_s=0.009 total_s=0.113
[2026-09-29T22:23:52+0900] progress=57.4% (241/420) status=merge/sorted/n=4000/repeat=4 stage_s=0.000 total_s=0.113
[2026-09-29T22:23:52+0900] progress=57.6% (242/420) status=quick_first/sorted/n=4000/repeat=4 stage_s=0.008 total_s=0.121
[2026-09-29T22:23:52+0900] progress=57.9% (243/420) status=heap/sorted/n=4000/repeat=4 stage_s=0.000 total_s=0.121
[2026-09-29T22:23:52+0900] progress=58.1% (244/420) status=quick_first/sorted/n=4000/repeat=5 stage_s=0.007 total_s=0.128
[2026-09-29T22:23:52+0900] progress=58.3% (245/420) status=heap/sorted/n=4000/repeat=5 stage_s=0.000 total_s=0.128
[2026-09-29T22:23:52+0900] progress=58.6% (246/420) status=merge/sorted/n=4000/repeat=5 stage_s=0.000 total_s=0.128
[2026-09-29T22:23:52+0900] progress=58.8% (247/420) status=heap/sorted/n=4000/repeat=6 stage_s=0.000 total_s=0.128
[2026-09-29T22:23:52+0900] progress=59.0% (248/420) status=merge/sorted/n=4000/repeat=6 stage_s=0.000 total_s=0.129
[2026-09-29T22:23:52+0900] progress=59.3% (249/420) status=quick_first/sorted/n=4000/repeat=6 stage_s=0.007 total_s=0.136
[2026-09-29T22:23:52+0900] progress=59.5% (250/420) status=merge/sorted/n=4000/repeat=7 stage_s=0.000 total_s=0.136
[2026-09-29T22:23:52+0900] progress=59.8% (251/420) status=quick_first/sorted/n=4000/repeat=7 stage_s=0.007 total_s=0.143
[2026-09-29T22:23:52+0900] progress=60.0% (252/420) status=heap/sorted/n=4000/repeat=7 stage_s=0.000 total_s=0.143
[2026-09-29T22:23:52+0900] progress=60.2% (253/420) status=merge/reversed/n=4000/repeat=1 stage_s=0.000 total_s=0.151
[2026-09-29T22:23:52+0900] progress=60.5% (254/420) status=quick_first/reversed/n=4000/repeat=1 stage_s=0.007 total_s=0.158
[2026-09-29T22:23:52+0900] progress=60.7% (255/420) status=heap/reversed/n=4000/repeat=1 stage_s=0.000 total_s=0.158
[2026-09-29T22:23:52+0900] progress=61.0% (256/420) status=quick_first/reversed/n=4000/repeat=2 stage_s=0.008 total_s=0.166
[2026-09-29T22:23:52+0900] progress=61.2% (257/420) status=heap/reversed/n=4000/repeat=2 stage_s=0.000 total_s=0.166
[2026-09-29T22:23:52+0900] progress=61.4% (258/420) status=merge/reversed/n=4000/repeat=2 stage_s=0.000 total_s=0.166
[2026-09-29T22:23:52+0900] progress=61.7% (259/420) status=heap/reversed/n=4000/repeat=3 stage_s=0.000 total_s=0.166
[2026-09-29T22:23:52+0900] progress=61.9% (260/420) status=merge/reversed/n=4000/repeat=3 stage_s=0.000 total_s=0.166
[2026-09-29T22:23:52+0900] progress=62.1% (261/420) status=quick_first/reversed/n=4000/repeat=3 stage_s=0.007 total_s=0.174
[2026-09-29T22:23:52+0900] progress=62.4% (262/420) status=merge/reversed/n=4000/repeat=4 stage_s=0.000 total_s=0.174
[2026-09-29T22:23:52+0900] progress=62.6% (263/420) status=quick_first/reversed/n=4000/repeat=4 stage_s=0.007 total_s=0.181
[2026-09-29T22:23:52+0900] progress=62.9% (264/420) status=heap/reversed/n=4000/repeat=4 stage_s=0.000 total_s=0.181
[2026-09-29T22:23:52+0900] progress=63.1% (265/420) status=quick_first/reversed/n=4000/repeat=5 stage_s=0.007 total_s=0.188
[2026-09-29T22:23:52+0900] progress=63.3% (266/420) status=heap/reversed/n=4000/repeat=5 stage_s=0.000 total_s=0.188
[2026-09-29T22:23:52+0900] progress=63.6% (267/420) status=merge/reversed/n=4000/repeat=5 stage_s=0.000 total_s=0.188
[2026-09-29T22:23:52+0900] progress=63.8% (268/420) status=heap/reversed/n=4000/repeat=6 stage_s=0.000 total_s=0.188
[2026-09-29T22:23:52+0900] progress=64.0% (269/420) status=merge/reversed/n=4000/repeat=6 stage_s=0.000 total_s=0.188
[2026-09-29T22:23:52+0900] progress=64.3% (270/420) status=quick_first/reversed/n=4000/repeat=6 stage_s=0.007 total_s=0.195
[2026-09-29T22:23:52+0900] progress=64.5% (271/420) status=merge/reversed/n=4000/repeat=7 stage_s=0.000 total_s=0.195
[2026-09-29T22:23:52+0900] progress=64.8% (272/420) status=quick_first/reversed/n=4000/repeat=7 stage_s=0.007 total_s=0.202
[2026-09-29T22:23:52+0900] progress=65.0% (273/420) status=heap/reversed/n=4000/repeat=7 stage_s=0.000 total_s=0.202
[2026-09-29T22:23:52+0900] progress=65.2% (274/420) status=merge/few_unique/n=4000/repeat=1 stage_s=0.000 total_s=0.204
[2026-09-29T22:23:52+0900] progress=65.5% (275/420) status=quick_first/few_unique/n=4000/repeat=1 stage_s=0.001 total_s=0.204
[2026-09-29T22:23:52+0900] progress=65.7% (276/420) status=heap/few_unique/n=4000/repeat=1 stage_s=0.000 total_s=0.205
[2026-09-29T22:23:52+0900] progress=66.0% (277/420) status=quick_first/few_unique/n=4000/repeat=2 stage_s=0.001 total_s=0.205
[2026-09-29T22:23:52+0900] progress=66.2% (278/420) status=heap/few_unique/n=4000/repeat=2 stage_s=0.000 total_s=0.205
[2026-09-29T22:23:52+0900] progress=66.4% (279/420) status=merge/few_unique/n=4000/repeat=2 stage_s=0.000 total_s=0.206
[2026-09-29T22:23:52+0900] progress=66.7% (280/420) status=heap/few_unique/n=4000/repeat=3 stage_s=0.000 total_s=0.206
[2026-09-29T22:23:52+0900] progress=66.9% (281/420) status=merge/few_unique/n=4000/repeat=3 stage_s=0.000 total_s=0.206
[2026-09-29T22:23:52+0900] progress=67.1% (282/420) status=quick_first/few_unique/n=4000/repeat=3 stage_s=0.001 total_s=0.207
[2026-09-29T22:23:52+0900] progress=67.4% (283/420) status=merge/few_unique/n=4000/repeat=4 stage_s=0.000 total_s=0.207
[2026-09-29T22:23:52+0900] progress=67.6% (284/420) status=quick_first/few_unique/n=4000/repeat=4 stage_s=0.000 total_s=0.207
[2026-09-29T22:23:52+0900] progress=67.9% (285/420) status=heap/few_unique/n=4000/repeat=4 stage_s=0.000 total_s=0.207
[2026-09-29T22:23:52+0900] progress=68.1% (286/420) status=quick_first/few_unique/n=4000/repeat=5 stage_s=0.000 total_s=0.208
[2026-09-29T22:23:52+0900] progress=68.3% (287/420) status=heap/few_unique/n=4000/repeat=5 stage_s=0.000 total_s=0.208
[2026-09-29T22:23:52+0900] progress=68.6% (288/420) status=merge/few_unique/n=4000/repeat=5 stage_s=0.000 total_s=0.208
[2026-09-29T22:23:52+0900] progress=68.8% (289/420) status=heap/few_unique/n=4000/repeat=6 stage_s=0.000 total_s=0.209
[2026-09-29T22:23:52+0900] progress=69.0% (290/420) status=merge/few_unique/n=4000/repeat=6 stage_s=0.000 total_s=0.209
[2026-09-29T22:23:52+0900] progress=69.3% (291/420) status=quick_first/few_unique/n=4000/repeat=6 stage_s=0.001 total_s=0.209
[2026-09-29T22:23:52+0900] progress=69.5% (292/420) status=merge/few_unique/n=4000/repeat=7 stage_s=0.000 total_s=0.209
[2026-09-29T22:23:52+0900] progress=69.8% (293/420) status=quick_first/few_unique/n=4000/repeat=7 stage_s=0.000 total_s=0.210
[2026-09-29T22:23:52+0900] progress=70.0% (294/420) status=heap/few_unique/n=4000/repeat=7 stage_s=0.000 total_s=0.210
[2026-09-29T22:23:52+0900] progress=70.2% (295/420) status=merge/equal/n=4000/repeat=1 stage_s=0.000 total_s=0.218
[2026-09-29T22:23:52+0900] progress=70.5% (296/420) status=quick_first/equal/n=4000/repeat=1 stage_s=0.007 total_s=0.225
[2026-09-29T22:23:52+0900] progress=70.7% (297/420) status=heap/equal/n=4000/repeat=1 stage_s=0.000 total_s=0.225
[2026-09-29T22:23:52+0900] progress=71.0% (298/420) status=quick_first/equal/n=4000/repeat=2 stage_s=0.007 total_s=0.232
[2026-09-29T22:23:52+0900] progress=71.2% (299/420) status=heap/equal/n=4000/repeat=2 stage_s=0.000 total_s=0.232
[2026-09-29T22:23:52+0900] progress=71.4% (300/420) status=merge/equal/n=4000/repeat=2 stage_s=0.000 total_s=0.232
[2026-09-29T22:23:52+0900] progress=71.7% (301/420) status=heap/equal/n=4000/repeat=3 stage_s=0.000 total_s=0.232
[2026-09-29T22:23:52+0900] progress=71.9% (302/420) status=merge/equal/n=4000/repeat=3 stage_s=0.000 total_s=0.232
[2026-09-29T22:23:52+0900] progress=72.1% (303/420) status=quick_first/equal/n=4000/repeat=3 stage_s=0.007 total_s=0.239
[2026-09-29T22:23:52+0900] progress=72.4% (304/420) status=merge/equal/n=4000/repeat=4 stage_s=0.000 total_s=0.239
[2026-09-29T22:23:52+0900] progress=72.6% (305/420) status=quick_first/equal/n=4000/repeat=4 stage_s=0.007 total_s=0.246
[2026-09-29T22:23:52+0900] progress=72.9% (306/420) status=heap/equal/n=4000/repeat=4 stage_s=0.000 total_s=0.246
[2026-09-29T22:23:52+0900] progress=73.1% (307/420) status=quick_first/equal/n=4000/repeat=5 stage_s=0.007 total_s=0.253
[2026-09-29T22:23:52+0900] progress=73.3% (308/420) status=heap/equal/n=4000/repeat=5 stage_s=0.000 total_s=0.253
[2026-09-29T22:23:52+0900] progress=73.6% (309/420) status=merge/equal/n=4000/repeat=5 stage_s=0.000 total_s=0.253
[2026-09-29T22:23:52+0900] progress=73.8% (310/420) status=heap/equal/n=4000/repeat=6 stage_s=0.000 total_s=0.253
[2026-09-29T22:23:52+0900] progress=74.0% (311/420) status=merge/equal/n=4000/repeat=6 stage_s=0.000 total_s=0.253
[2026-09-29T22:23:52+0900] progress=74.3% (312/420) status=quick_first/equal/n=4000/repeat=6 stage_s=0.007 total_s=0.261
[2026-09-29T22:23:52+0900] progress=74.5% (313/420) status=merge/equal/n=4000/repeat=7 stage_s=0.000 total_s=0.261
[2026-09-29T22:23:52+0900] progress=74.8% (314/420) status=quick_first/equal/n=4000/repeat=7 stage_s=0.007 total_s=0.268
[2026-09-29T22:23:52+0900] progress=75.0% (315/420) status=heap/equal/n=4000/repeat=7 stage_s=0.000 total_s=0.268
[2026-09-29T22:23:52+0900] progress=75.2% (316/420) status=merge/random/n=8000/repeat=1 stage_s=0.000 total_s=0.271
[2026-09-29T22:23:52+0900] progress=75.5% (317/420) status=quick_first/random/n=8000/repeat=1 stage_s=0.000 total_s=0.271
[2026-09-29T22:23:52+0900] progress=75.7% (318/420) status=heap/random/n=8000/repeat=1 stage_s=0.001 total_s=0.272
[2026-09-29T22:23:52+0900] progress=76.0% (319/420) status=quick_first/random/n=8000/repeat=2 stage_s=0.000 total_s=0.272
[2026-09-29T22:23:52+0900] progress=76.2% (320/420) status=heap/random/n=8000/repeat=2 stage_s=0.001 total_s=0.273
[2026-09-29T22:23:52+0900] progress=76.4% (321/420) status=merge/random/n=8000/repeat=2 stage_s=0.000 total_s=0.273
[2026-09-29T22:23:52+0900] progress=76.7% (322/420) status=heap/random/n=8000/repeat=3 stage_s=0.001 total_s=0.274
[2026-09-29T22:23:52+0900] progress=76.9% (323/420) status=merge/random/n=8000/repeat=3 stage_s=0.000 total_s=0.274
[2026-09-29T22:23:52+0900] progress=77.1% (324/420) status=quick_first/random/n=8000/repeat=3 stage_s=0.000 total_s=0.275
[2026-09-29T22:23:52+0900] progress=77.4% (325/420) status=merge/random/n=8000/repeat=4 stage_s=0.000 total_s=0.275
[2026-09-29T22:23:52+0900] progress=77.6% (326/420) status=quick_first/random/n=8000/repeat=4 stage_s=0.000 total_s=0.275
[2026-09-29T22:23:52+0900] progress=77.9% (327/420) status=heap/random/n=8000/repeat=4 stage_s=0.000 total_s=0.276
[2026-09-29T22:23:52+0900] progress=78.1% (328/420) status=quick_first/random/n=8000/repeat=5 stage_s=0.000 total_s=0.276
[2026-09-29T22:23:52+0900] progress=78.3% (329/420) status=heap/random/n=8000/repeat=5 stage_s=0.000 total_s=0.277
[2026-09-29T22:23:52+0900] progress=78.6% (330/420) status=merge/random/n=8000/repeat=5 stage_s=0.000 total_s=0.277
[2026-09-29T22:23:52+0900] progress=78.8% (331/420) status=heap/random/n=8000/repeat=6 stage_s=0.000 total_s=0.278
[2026-09-29T22:23:52+0900] progress=79.0% (332/420) status=merge/random/n=8000/repeat=6 stage_s=0.000 total_s=0.278
[2026-09-29T22:23:52+0900] progress=79.3% (333/420) status=quick_first/random/n=8000/repeat=6 stage_s=0.000 total_s=0.279
[2026-09-29T22:23:52+0900] progress=79.5% (334/420) status=merge/random/n=8000/repeat=7 stage_s=0.000 total_s=0.279
[2026-09-29T22:23:52+0900] progress=79.8% (335/420) status=quick_first/random/n=8000/repeat=7 stage_s=0.000 total_s=0.280
[2026-09-29T22:23:52+0900] progress=80.0% (336/420) status=heap/random/n=8000/repeat=7 stage_s=0.000 total_s=0.280
[2026-09-29T22:23:52+0900] progress=80.2% (337/420) status=merge/sorted/n=8000/repeat=1 stage_s=0.000 total_s=0.308
[2026-09-29T22:23:52+0900] progress=80.5% (338/420) status=quick_first/sorted/n=8000/repeat=1 stage_s=0.027 total_s=0.335
[2026-09-29T22:23:52+0900] progress=80.7% (339/420) status=heap/sorted/n=8000/repeat=1 stage_s=0.000 total_s=0.335
[2026-09-29T22:23:52+0900] progress=81.0% (340/420) status=quick_first/sorted/n=8000/repeat=2 stage_s=0.028 total_s=0.363
[2026-09-29T22:23:52+0900] progress=81.2% (341/420) status=heap/sorted/n=8000/repeat=2 stage_s=0.000 total_s=0.363
[2026-09-29T22:23:52+0900] progress=81.4% (342/420) status=merge/sorted/n=8000/repeat=2 stage_s=0.000 total_s=0.363
[2026-09-29T22:23:52+0900] progress=81.7% (343/420) status=heap/sorted/n=8000/repeat=3 stage_s=0.000 total_s=0.364
[2026-09-29T22:23:52+0900] progress=81.9% (344/420) status=merge/sorted/n=8000/repeat=3 stage_s=0.000 total_s=0.364
[2026-09-29T22:23:52+0900] progress=82.1% (345/420) status=quick_first/sorted/n=8000/repeat=3 stage_s=0.028 total_s=0.392
[2026-09-29T22:23:52+0900] progress=82.4% (346/420) status=merge/sorted/n=8000/repeat=4 stage_s=0.000 total_s=0.392
[2026-09-29T22:23:52+0900] progress=82.6% (347/420) status=quick_first/sorted/n=8000/repeat=4 stage_s=0.029 total_s=0.421
[2026-09-29T22:23:52+0900] progress=82.9% (348/420) status=heap/sorted/n=8000/repeat=4 stage_s=0.000 total_s=0.421
[2026-09-29T22:23:52+0900] progress=83.1% (349/420) status=quick_first/sorted/n=8000/repeat=5 stage_s=0.031 total_s=0.452
[2026-09-29T22:23:52+0900] progress=83.3% (350/420) status=heap/sorted/n=8000/repeat=5 stage_s=0.000 total_s=0.452
[2026-09-29T22:23:52+0900] progress=83.6% (351/420) status=merge/sorted/n=8000/repeat=5 stage_s=0.000 total_s=0.453
[2026-09-29T22:23:52+0900] progress=83.8% (352/420) status=heap/sorted/n=8000/repeat=6 stage_s=0.000 total_s=0.453
[2026-09-29T22:23:52+0900] progress=84.0% (353/420) status=merge/sorted/n=8000/repeat=6 stage_s=0.000 total_s=0.453
[2026-09-29T22:23:52+0900] progress=84.3% (354/420) status=quick_first/sorted/n=8000/repeat=6 stage_s=0.027 total_s=0.480
[2026-09-29T22:23:52+0900] progress=84.5% (355/420) status=merge/sorted/n=8000/repeat=7 stage_s=0.000 total_s=0.480
[2026-09-29T22:23:52+0900] progress=84.8% (356/420) status=quick_first/sorted/n=8000/repeat=7 stage_s=0.027 total_s=0.508
[2026-09-29T22:23:52+0900] progress=85.0% (357/420) status=heap/sorted/n=8000/repeat=7 stage_s=0.000 total_s=0.508
[2026-09-29T22:23:52+0900] progress=85.2% (358/420) status=merge/reversed/n=8000/repeat=1 stage_s=0.000 total_s=0.537
[2026-09-29T22:23:52+0900] progress=85.5% (359/420) status=quick_first/reversed/n=8000/repeat=1 stage_s=0.028 total_s=0.564
[2026-09-29T22:23:52+0900] progress=85.7% (360/420) status=heap/reversed/n=8000/repeat=1 stage_s=0.000 total_s=0.565
[2026-09-29T22:23:52+0900] progress=86.0% (361/420) status=quick_first/reversed/n=8000/repeat=2 stage_s=0.027 total_s=0.592
[2026-09-29T22:23:52+0900] progress=86.2% (362/420) status=heap/reversed/n=8000/repeat=2 stage_s=0.000 total_s=0.592
[2026-09-29T22:23:52+0900] progress=86.4% (363/420) status=merge/reversed/n=8000/repeat=2 stage_s=0.000 total_s=0.592
[2026-09-29T22:23:52+0900] progress=86.7% (364/420) status=heap/reversed/n=8000/repeat=3 stage_s=0.000 total_s=0.593
[2026-09-29T22:23:52+0900] progress=86.9% (365/420) status=merge/reversed/n=8000/repeat=3 stage_s=0.000 total_s=0.593
[2026-09-29T22:23:52+0900] progress=87.1% (366/420) status=quick_first/reversed/n=8000/repeat=3 stage_s=0.029 total_s=0.622
[2026-09-29T22:23:52+0900] progress=87.4% (367/420) status=merge/reversed/n=8000/repeat=4 stage_s=0.000 total_s=0.622
[2026-09-29T22:23:52+0900] progress=87.6% (368/420) status=quick_first/reversed/n=8000/repeat=4 stage_s=0.030 total_s=0.652
[2026-09-29T22:23:52+0900] progress=87.9% (369/420) status=heap/reversed/n=8000/repeat=4 stage_s=0.000 total_s=0.653
[2026-09-29T22:23:52+0900] progress=88.1% (370/420) status=quick_first/reversed/n=8000/repeat=5 stage_s=0.030 total_s=0.683
[2026-09-29T22:23:52+0900] progress=88.3% (371/420) status=heap/reversed/n=8000/repeat=5 stage_s=0.001 total_s=0.684
[2026-09-29T22:23:52+0900] progress=88.6% (372/420) status=merge/reversed/n=8000/repeat=5 stage_s=0.000 total_s=0.684
[2026-09-29T22:23:52+0900] progress=88.8% (373/420) status=heap/reversed/n=8000/repeat=6 stage_s=0.000 total_s=0.684
[2026-09-29T22:23:52+0900] progress=89.0% (374/420) status=merge/reversed/n=8000/repeat=6 stage_s=0.000 total_s=0.684
[2026-09-29T22:23:52+0900] progress=89.3% (375/420) status=quick_first/reversed/n=8000/repeat=6 stage_s=0.033 total_s=0.717
[2026-09-29T22:23:52+0900] progress=89.5% (376/420) status=merge/reversed/n=8000/repeat=7 stage_s=0.000 total_s=0.717
[2026-09-29T22:23:52+0900] progress=89.8% (377/420) status=quick_first/reversed/n=8000/repeat=7 stage_s=0.029 total_s=0.746
[2026-09-29T22:23:52+0900] progress=90.0% (378/420) status=heap/reversed/n=8000/repeat=7 stage_s=0.000 total_s=0.747
[2026-09-29T22:23:52+0900] progress=90.2% (379/420) status=merge/few_unique/n=8000/repeat=1 stage_s=0.000 total_s=0.750
[2026-09-29T22:23:52+0900] progress=90.5% (380/420) status=quick_first/few_unique/n=8000/repeat=1 stage_s=0.002 total_s=0.753
[2026-09-29T22:23:52+0900] progress=90.7% (381/420) status=heap/few_unique/n=8000/repeat=1 stage_s=0.001 total_s=0.753
[2026-09-29T22:23:52+0900] progress=91.0% (382/420) status=quick_first/few_unique/n=8000/repeat=2 stage_s=0.003 total_s=0.756
[2026-09-29T22:23:52+0900] progress=91.2% (383/420) status=heap/few_unique/n=8000/repeat=2 stage_s=0.001 total_s=0.757
[2026-09-29T22:23:52+0900] progress=91.4% (384/420) status=merge/few_unique/n=8000/repeat=2 stage_s=0.000 total_s=0.757
[2026-09-29T22:23:52+0900] progress=91.7% (385/420) status=heap/few_unique/n=8000/repeat=3 stage_s=0.000 total_s=0.758
[2026-09-29T22:23:52+0900] progress=91.9% (386/420) status=merge/few_unique/n=8000/repeat=3 stage_s=0.000 total_s=0.758
[2026-09-29T22:23:52+0900] progress=92.1% (387/420) status=quick_first/few_unique/n=8000/repeat=3 stage_s=0.002 total_s=0.760
[2026-09-29T22:23:52+0900] progress=92.4% (388/420) status=merge/few_unique/n=8000/repeat=4 stage_s=0.000 total_s=0.760
[2026-09-29T22:23:52+0900] progress=92.6% (389/420) status=quick_first/few_unique/n=8000/repeat=4 stage_s=0.002 total_s=0.762
[2026-09-29T22:23:52+0900] progress=92.9% (390/420) status=heap/few_unique/n=8000/repeat=4 stage_s=0.000 total_s=0.763
[2026-09-29T22:23:52+0900] progress=93.1% (391/420) status=quick_first/few_unique/n=8000/repeat=5 stage_s=0.003 total_s=0.766
[2026-09-29T22:23:52+0900] progress=93.3% (392/420) status=heap/few_unique/n=8000/repeat=5 stage_s=0.000 total_s=0.766
[2026-09-29T22:23:52+0900] progress=93.6% (393/420) status=merge/few_unique/n=8000/repeat=5 stage_s=0.000 total_s=0.766
[2026-09-29T22:23:52+0900] progress=93.8% (394/420) status=heap/few_unique/n=8000/repeat=6 stage_s=0.000 total_s=0.767
[2026-09-29T22:23:52+0900] progress=94.0% (395/420) status=merge/few_unique/n=8000/repeat=6 stage_s=0.000 total_s=0.767
[2026-09-29T22:23:52+0900] progress=94.3% (396/420) status=quick_first/few_unique/n=8000/repeat=6 stage_s=0.002 total_s=0.769
[2026-09-29T22:23:52+0900] progress=94.5% (397/420) status=merge/few_unique/n=8000/repeat=7 stage_s=0.000 total_s=0.770
[2026-09-29T22:23:52+0900] progress=94.8% (398/420) status=quick_first/few_unique/n=8000/repeat=7 stage_s=0.002 total_s=0.772
[2026-09-29T22:23:52+0900] progress=95.0% (399/420) status=heap/few_unique/n=8000/repeat=7 stage_s=0.000 total_s=0.772
[2026-09-29T22:23:52+0900] progress=95.2% (400/420) status=merge/equal/n=8000/repeat=1 stage_s=0.000 total_s=0.803
[2026-09-29T22:23:52+0900] progress=95.5% (401/420) status=quick_first/equal/n=8000/repeat=1 stage_s=0.029 total_s=0.832
[2026-09-29T22:23:52+0900] progress=95.7% (402/420) status=heap/equal/n=8000/repeat=1 stage_s=0.000 total_s=0.832
[2026-09-29T22:23:52+0900] progress=96.0% (403/420) status=quick_first/equal/n=8000/repeat=2 stage_s=0.030 total_s=0.862
[2026-09-29T22:23:52+0900] progress=96.2% (404/420) status=heap/equal/n=8000/repeat=2 stage_s=0.000 total_s=0.862
[2026-09-29T22:23:52+0900] progress=96.4% (405/420) status=merge/equal/n=8000/repeat=2 stage_s=0.000 total_s=0.863
[2026-09-29T22:23:52+0900] progress=96.7% (406/420) status=heap/equal/n=8000/repeat=3 stage_s=0.000 total_s=0.863
[2026-09-29T22:23:52+0900] progress=96.9% (407/420) status=merge/equal/n=8000/repeat=3 stage_s=0.000 total_s=0.863
[2026-09-29T22:23:53+0900] progress=97.1% (408/420) status=quick_first/equal/n=8000/repeat=3 stage_s=0.031 total_s=0.894
[2026-09-29T22:23:53+0900] progress=97.4% (409/420) status=merge/equal/n=8000/repeat=4 stage_s=0.000 total_s=0.894
[2026-09-29T22:23:53+0900] progress=97.6% (410/420) status=quick_first/equal/n=8000/repeat=4 stage_s=0.029 total_s=0.923
[2026-09-29T22:23:53+0900] progress=97.9% (411/420) status=heap/equal/n=8000/repeat=4 stage_s=0.000 total_s=0.923
[2026-09-29T22:23:53+0900] progress=98.1% (412/420) status=quick_first/equal/n=8000/repeat=5 stage_s=0.029 total_s=0.952
[2026-09-29T22:23:53+0900] progress=98.3% (413/420) status=heap/equal/n=8000/repeat=5 stage_s=0.000 total_s=0.952
[2026-09-29T22:23:53+0900] progress=98.6% (414/420) status=merge/equal/n=8000/repeat=5 stage_s=0.000 total_s=0.952
[2026-09-29T22:23:53+0900] progress=98.8% (415/420) status=heap/equal/n=8000/repeat=6 stage_s=0.000 total_s=0.952
[2026-09-29T22:23:53+0900] progress=99.0% (416/420) status=merge/equal/n=8000/repeat=6 stage_s=0.000 total_s=0.952
[2026-09-29T22:23:53+0900] progress=99.3% (417/420) status=quick_first/equal/n=8000/repeat=6 stage_s=0.029 total_s=0.981
[2026-09-29T22:23:53+0900] progress=99.5% (418/420) status=merge/equal/n=8000/repeat=7 stage_s=0.000 total_s=0.981
[2026-09-29T22:23:53+0900] progress=99.8% (419/420) status=quick_first/equal/n=8000/repeat=7 stage_s=0.031 total_s=1.012
[2026-09-29T22:23:53+0900] progress=100.0% (420/420) status=heap/equal/n=8000/repeat=7 stage_s=0.000 total_s=1.012
